// Jest Snapshot v1, https://goo.gl/fbAQLP

exports[`Label has text 1`] = `
<div>
  <span>
    testo di test
  </span>
</div>
`;
